[2026-03-09T06:12:20.347Z] GET campaigns | platform=google
[2026-03-09T06:12:22.440Z] [DEBUG_SVC] Campaign Thumbnails: 270 rows
[2026-03-09T06:12:22.466Z] GET campaigns | platform=google
[2026-03-09T06:12:22.467Z] [DEBUG_SVC] Campaign Thumbnails: 270 rows
[2026-03-09T06:12:43.892Z] GET campaigns | platform=google
[2026-03-09T06:12:44.912Z] [DEBUG_SVC] Campaign Thumbnails: 270 rows
[2026-03-16T07:57:34.509Z] GET campaigns | platform=google
[2026-03-16T07:57:36.641Z] [DEBUG_SVC] Campaign Thumbnails: 270 rows
[2026-03-16T07:57:36.660Z] GET campaigns | platform=google
[2026-03-16T07:57:36.661Z] [DEBUG_SVC] Campaign Thumbnails: 270 rows
[2026-04-09T12:12:39.698Z] GET campaigns | platform=google
[2026-04-09T12:12:42.752Z] [DEBUG_SVC] Campaign Thumbnails: 290 rows
[2026-04-09T12:12:42.784Z] GET campaigns | platform=google
[2026-04-09T12:12:42.785Z] [DEBUG_SVC] Campaign Thumbnails: 290 rows
[2026-04-09T12:12:45.491Z] GET ads | platform=google
[2026-04-09T12:12:46.797Z] [DEBUG_SVC] PMAX Metrics r1 failed: Google Ads API error (400): The following field must be present in SELECT clause: 'campaign.advertising_channel_type'.
[2026-04-09T12:12:47.686Z] [DEBUG_SVC] PMAX Assets: 1194 rows
[2026-04-09T12:12:51.592Z] [DEBUG_SVC] PMAX Metrics r2: 32549 rows
[2026-04-09T12:12:51.600Z] [DEBUG_SVC] fetchAds: baseAds=0, pmax=25
[2026-04-09T12:12:51.601Z] [DEBUG_SVC] First PMAX ad images: 25
[2026-04-09T12:12:53.403Z] GET ads/pmax_6692334466/assets | platform=google
[2026-04-09T12:12:54.249Z] [DEBUG_SVC] PMAX Metrics r2: 32549 rows
[2026-04-09T12:12:54.855Z] [DEBUG_SVC] PMAX Metrics r1 failed: Google Ads API error (400): The following field must be present in SELECT clause: 'campaign.advertising_channel_type'.
[2026-04-09T12:12:55.218Z] [DEBUG_SVC] PMAX Assets: 57 rows
[2026-04-09T12:12:55.224Z] [DEBUG_SVC] fetchAds: baseAds=0, pmax=1
[2026-04-09T12:12:55.225Z] [DEBUG_SVC] First PMAX ad images: 25
[2026-04-09T12:13:15.638Z] GET campaigns | platform=google
[2026-04-09T12:13:18.191Z] [DEBUG_SVC] Campaign Thumbnails: 290 rows
[2026-05-26T06:37:17.994Z] POST ads/120236212144230447/reanalyze
[2026-05-26T06:37:18.067Z] Re-analyzing META ad: 120236212144230447 (v2 prompt) | image: yes
[2026-05-26T07:15:03.494Z] POST ads/120238362369570447/reanalyze
[2026-05-26T07:15:03.579Z] Re-analyzing META ad: 120238362369570447 (v2 prompt) | image: yes
[2026-05-26T07:20:29.727Z] POST ads/120236210821210447/reanalyze
[2026-05-26T07:20:29.803Z] Re-analyzing META ad: 120236210821210447 (v2 prompt) | image: yes
[2026-05-26T07:40:52.621Z] POST ads/120236210821210447/reanalyze
[2026-05-26T07:40:52.695Z] Re-analyzing META ad: 120236210821210447 (v2 prompt) | image: yes
[2026-05-26T07:50:24.598Z] POST ads/120240461476970169/reanalyze
[2026-05-26T07:50:24.679Z] Re-analyzing META ad: 120240461476970169 (v2 prompt) | image: yes
[2026-05-26T07:57:50.509Z] POST ads/120237873316720447/reanalyze
[2026-05-26T07:57:50.608Z] Re-analyzing META ad: 120237873316720447 (v2 prompt) | image: yes
[2026-05-26T08:00:52.942Z] POST ads/120242114510950566/reanalyze
[2026-05-26T08:00:53.042Z] Re-analyzing META ad: 120242114510950566 (v2 prompt) | image: yes
[2026-05-26T08:35:51.248Z] POST ads/120236212144230447/reanalyze
[2026-05-26T08:35:51.313Z] Re-analyzing META ad: 120236212144230447 (v2 prompt) | image: yes
[2026-05-26T08:37:21.849Z] POST ads/120238362569630447/reanalyze
[2026-05-26T08:37:21.917Z] Re-analyzing META ad: 120238362569630447 (v2 prompt) | image: yes
[2026-05-26T09:09:44.524Z] POST ads/120238362369570447/reanalyze
[2026-05-26T09:09:44.588Z] Re-analyzing META ad: 120238362369570447 (v2 prompt) | image: yes
[2026-05-26T09:16:24.735Z] POST ads/120237873316720447/reanalyze
[2026-05-26T09:16:24.801Z] Re-analyzing META ad: 120237873316720447 (v2 prompt) | image: yes
[2026-05-26T09:16:51.008Z] POST ads/120236212144230447/reanalyze
[2026-05-26T09:16:51.076Z] Re-analyzing META ad: 120236212144230447 (v2 prompt) | image: yes
[2026-05-26T09:21:30.215Z] POST ads/120238362369570447/reanalyze
[2026-05-26T09:21:30.293Z] Re-analyzing META ad: 120238362369570447 (v2 prompt) | image: yes
[2026-05-26T11:02:05.665Z] POST ads/120236212144230447/reanalyze
[2026-05-26T11:02:05.745Z] Re-analyzing META ad: 120236212144230447 (v2 prompt) | image: yes
[2026-05-26T11:12:47.947Z] POST ads/120236212144230447/reanalyze
[2026-05-26T11:12:48.020Z] Re-analyzing META ad: 120236212144230447 (v2 prompt) | image: yes
[2026-05-26T11:18:09.613Z] POST ads/120238362369570447/reanalyze
[2026-05-26T11:18:09.717Z] Re-analyzing META ad: 120238362369570447 (v2 prompt) | image: yes
[2026-05-26T11:22:37.548Z] POST ads/120238362369570447/reanalyze
[2026-05-26T11:22:37.649Z] Re-analyzing META ad: 120238362369570447 (v2 prompt) | image: yes
[2026-05-26T11:36:23.869Z] POST ads/120240294215310169/reanalyze
[2026-05-26T11:36:23.932Z] Re-analyzing META ad: 120240294215310169 (v2 prompt) | image: yes
[2026-05-26T12:57:21.012Z] POST ads/120240336779700169/enrich
[2026-05-26T12:57:21.012Z] Enriching Meta ad: 120240336779700169 (Phase-2 metrics from Insights API)
[2026-05-26T13:09:13.051Z] POST ads/120240294707650169/enrich
[2026-05-26T13:09:13.052Z] Enriching Meta ad: 120240294707650169 (Phase-2 metrics from Insights API)
[2026-05-26T13:09:15.691Z] POST ads/120240294707650169/reanalyze
[2026-05-26T13:09:15.780Z] Re-analyzing META ad: 120240294707650169 (v2 prompt) | image: yes
[2026-05-29T08:43:45.889Z] GET campaigns | platform=google
[2026-05-29T08:43:48.696Z] [DEBUG_SVC] Campaign Thumbnails: 303 rows
[2026-05-29T08:43:48.729Z] GET campaigns | platform=google
[2026-05-29T08:43:48.730Z] [DEBUG_SVC] Campaign Thumbnails: 303 rows
[2026-06-17T07:42:17.891Z] GET campaigns | platform=google
[2026-06-17T07:42:20.517Z] [DEBUG_SVC] Campaign Thumbnails: 303 rows
[2026-06-17T07:42:20.546Z] GET campaigns | platform=google
[2026-06-17T07:42:20.549Z] [DEBUG_SVC] Campaign Thumbnails: 303 rows
